Archive member included to satisfy reference by file (symbol)

c:/program files (x86)/atmel/studio/7.0/toolchain/avr8/avr8-gnu-toolchain/bin/../lib/gcc/avr/4.9.2/../../../../avr/lib/avr5\libm.a(addsf3.o)
                              Adroit_GPS.o (__addsf3)
c:/program files (x86)/atmel/studio/7.0/toolchain/avr8/avr8-gnu-toolchain/bin/../lib/gcc/avr/4.9.2/../../../../avr/lib/avr5\libm.a(addsf3x.o)
                              c:/program files (x86)/atmel/studio/7.0/toolchain/avr8/avr8-gnu-toolchain/bin/../lib/gcc/avr/4.9.2/../../../../avr/lib/avr5\libm.a(addsf3.o) (__addsf3x)
c:/program files (x86)/atmel/studio/7.0/toolchain/avr8/avr8-gnu-toolchain/bin/../lib/gcc/avr/4.9.2/../../../../avr/lib/avr5\libm.a(ceil.o)
                              Adroit_GPS.o (ceil)
c:/program files (x86)/atmel/studio/7.0/toolchain/avr8/avr8-gnu-toolchain/bin/../lib/gcc/avr/4.9.2/../../../../avr/lib/avr5\libm.a(cmpsf2.o)
                              Adroit_GPS.o (__nesf2)
c:/program files (x86)/atmel/studio/7.0/toolchain/avr8/avr8-gnu-toolchain/bin/../lib/gcc/avr/4.9.2/../../../../avr/lib/avr5\libm.a(divsf3.o)
                              Adroit_GPS.o (__divsf3)
c:/program files (x86)/atmel/studio/7.0/toolchain/avr8/avr8-gnu-toolchain/bin/../lib/gcc/avr/4.9.2/../../../../avr/lib/avr5\libm.a(divsf3x.o)
                              c:/program files (x86)/atmel/studio/7.0/toolchain/avr8/avr8-gnu-toolchain/bin/../lib/gcc/avr/4.9.2/../../../../avr/lib/avr5\libm.a(divsf3.o) (__divsf3x)
c:/program files (x86)/atmel/studio/7.0/toolchain/avr8/avr8-gnu-toolchain/bin/../lib/gcc/avr/4.9.2/../../../../avr/lib/avr5\libm.a(fixunssfsi.o)
                              Adroit_GPS.o (__fixunssfsi)
c:/program files (x86)/atmel/studio/7.0/toolchain/avr8/avr8-gnu-toolchain/bin/../lib/gcc/avr/4.9.2/../../../../avr/lib/avr5\libm.a(floatsisf.o)
                              Adroit_GPS.o (__floatunsisf)
c:/program files (x86)/atmel/studio/7.0/toolchain/avr8/avr8-gnu-toolchain/bin/../lib/gcc/avr/4.9.2/../../../../avr/lib/avr5\libm.a(fp_cmp.o)
                              c:/program files (x86)/atmel/studio/7.0/toolchain/avr8/avr8-gnu-toolchain/bin/../lib/gcc/avr/4.9.2/../../../../avr/lib/avr5\libm.a(cmpsf2.o) (__fp_cmp)
c:/program files (x86)/atmel/studio/7.0/toolchain/avr8/avr8-gnu-toolchain/bin/../lib/gcc/avr/4.9.2/../../../../avr/lib/avr5\libm.a(fp_inf.o)
                              c:/program files (x86)/atmel/studio/7.0/toolchain/avr8/avr8-gnu-toolchain/bin/../lib/gcc/avr/4.9.2/../../../../avr/lib/avr5\libm.a(addsf3x.o) (__fp_inf)
c:/program files (x86)/atmel/studio/7.0/toolchain/avr8/avr8-gnu-toolchain/bin/../lib/gcc/avr/4.9.2/../../../../avr/lib/avr5\libm.a(fp_mintl.o)
                              c:/program files (x86)/atmel/studio/7.0/toolchain/avr8/avr8-gnu-toolchain/bin/../lib/gcc/avr/4.9.2/../../../../avr/lib/avr5\libm.a(ceil.o) (__fp_mintl)
c:/program files (x86)/atmel/studio/7.0/toolchain/avr8/avr8-gnu-toolchain/bin/../lib/gcc/avr/4.9.2/../../../../avr/lib/avr5\libm.a(fp_mpack.o)
                              c:/program files (x86)/atmel/studio/7.0/toolchain/avr8/avr8-gnu-toolchain/bin/../lib/gcc/avr/4.9.2/../../../../avr/lib/avr5\libm.a(ceil.o) (__fp_mpack)
c:/program files (x86)/atmel/studio/7.0/toolchain/avr8/avr8-gnu-toolchain/bin/../lib/gcc/avr/4.9.2/../../../../avr/lib/avr5\libm.a(fp_nan.o)
                              c:/program files (x86)/atmel/studio/7.0/toolchain/avr8/avr8-gnu-toolchain/bin/../lib/gcc/avr/4.9.2/../../../../avr/lib/avr5\libm.a(addsf3x.o) (__fp_nan)
c:/program files (x86)/atmel/studio/7.0/toolchain/avr8/avr8-gnu-toolchain/bin/../lib/gcc/avr/4.9.2/../../../../avr/lib/avr5\libm.a(fp_pscA.o)
                              c:/program files (x86)/atmel/studio/7.0/toolchain/avr8/avr8-gnu-toolchain/bin/../lib/gcc/avr/4.9.2/../../../../avr/lib/avr5\libm.a(addsf3x.o) (__fp_pscA)
c:/program files (x86)/atmel/studio/7.0/toolchain/avr8/avr8-gnu-toolchain/bin/../lib/gcc/avr/4.9.2/../../../../avr/lib/avr5\libm.a(fp_pscB.o)
                              c:/program files (x86)/atmel/studio/7.0/toolchain/avr8/avr8-gnu-toolchain/bin/../lib/gcc/avr/4.9.2/../../../../avr/lib/avr5\libm.a(addsf3x.o) (__fp_pscB)
c:/program files (x86)/atmel/studio/7.0/toolchain/avr8/avr8-gnu-toolchain/bin/../lib/gcc/avr/4.9.2/../../../../avr/lib/avr5\libm.a(fp_round.o)
                              c:/program files (x86)/atmel/studio/7.0/toolchain/avr8/avr8-gnu-toolchain/bin/../lib/gcc/avr/4.9.2/../../../../avr/lib/avr5\libm.a(addsf3.o) (__fp_round)
c:/program files (x86)/atmel/studio/7.0/toolchain/avr8/avr8-gnu-toolchain/bin/../lib/gcc/avr/4.9.2/../../../../avr/lib/avr5\libm.a(fp_split3.o)
                              c:/program files (x86)/atmel/studio/7.0/toolchain/avr8/avr8-gnu-toolchain/bin/../lib/gcc/avr/4.9.2/../../../../avr/lib/avr5\libm.a(addsf3x.o) (__fp_split3)
c:/program files (x86)/atmel/studio/7.0/toolchain/avr8/avr8-gnu-toolchain/bin/../lib/gcc/avr/4.9.2/../../../../avr/lib/avr5\libm.a(fp_trunc.o)
[...]
Memory Configuration

Name             Origin             Length             Attributes
text             0x00000000         0x00020000         xr
data             0x00800060         0x0000ffa0         rw !x
eeprom           0x00810000         0x00010000         rw !x
fuse             0x00820000         0x00000003         rw !x
lock             0x00830000         0x00000400         rw !x
signature        0x00840000         0x00000400         rw !x
user_signatures  0x00850000         0x00000400         rw !x
*default*        0x00000000         0xffffffff

Linker script and memory map

Address of section .data set to 0x800100
LOAD C:/Program Files (x86)/Atmel/Studio/7.0/Packs/atmel/ATmega_DFP/1.1.130/gcc/dev/atmega328p/avr5/crtatmega328p.o
LOAD Adroit_GPS.o
LOAD src/Functions.o
LOAD src/libraries/SoftwareSerial/src/SoftwareSerial.o
LOAD src/SimpleModbusSlave.o
START GROUP
LOAD c:/program files (x86)/atmel/studio/7.0/toolchain/avr8/avr8-gnu-toolchain/bin/../lib/gcc/avr/4.9.2/../../../../avr/lib/avr5\libm.a
LOAD C:\Users\wynands\Documents\Arduino\Adroit_GPS\Adroit_GPS\Adroit_GPS\ArduinoCore\Debug\libArduinoCore.a
END GROUP
LOAD c:/program files (x86)/atmel/studio/7.0/toolchain/avr8/avr8-gnu-toolchain/bin/../lib/gcc/avr/4.9.2/avr5\libgcc.a
LOAD c:/program files (x86)/atmel/studio/7.0/toolchain/avr8/avr8-gnu-toolchain/bin/../lib/gcc/avr/4.9.2/../../../../avr/lib/avr5\libm.a
START GROUP
LOAD c:/program files (x86)/atmel/studio/7.0/toolchain/avr8/avr8-gnu-toolchain/bin/../lib/gcc/avr/4.9.2/avr5\libgcc.a
LOAD c:/program files (x86)/atmel/studio/7.0/toolchain/avr8/avr8-gnu-toolchain/bin/../lib/gcc/avr/4.9.2/../../../../avr/lib/avr5\libm.a
LOAD c:/program files (x86)/atmel/studio/7.0/toolchain/avr8/avr8-gnu-toolchain/bin/../lib/gcc/avr/4.9.2/../../../../avr/lib/avr5\libc.a
LOAD C:/Program Files (x86)/Atmel/Studio/7.0/Packs/atmel/ATmega_DFP/1.1.130/gcc/dev/atmega328p/avr5\libatmega328p.a
END GROUP
                0x00020000                __TEXT_REGION_LENGTH__ = DEFINED (__TEXT_REGION_LENGTH__)?__TEXT_REGION_LENGTH__:0x20000
                0x0000ffa0                __DATA_REGION_LENGTH__ = DEFINED (__DATA_REGION_LENGTH__)?__DATA_REGION_LENGTH__:0xffa0
                0x00010000                __EEPROM_REGION_LENGTH__ = DEFINED (__EEPROM_REGION_LENGTH__)?__EEPROM_REGION_LENGTH__:0x10000
                [0x00000003]                __FUSE_REGION_LENGTH__ = DEFINED (__FUSE_REGION_LENGTH__)?__FUSE_REGION_LENGTH__:0x400
                0x00000400                __LOCK_REGION_LENGTH__ = DEFINED (__LOCK_REGION_LENGTH__)?__LOCK_REGION_LENGTH__:0x400
                0x00000400                __SIGNATURE_REGION_LENGTH__ = DEFINED (__SIGNATURE_REGION_LENGTH__)?__SIGNATURE_REGION_LENGTH__:0x400
                0x00000400                __USER_SIGNATURE_REGION_LENGTH__ = DEFINED (__USER_SIGNATURE_REGION_LENGTH__)?__USER_SIGNATURE_REGION_LENGTH__:0x400

.hash
 *(.hash)

.dynsym
 *(.dynsym)

.dynstr
 *(.dynstr)

.gnu.version
 *(.gnu.version)

.gnu.version_d
 *(.gnu.version_d)

.gnu.version_r
 *(.gnu.version_r)

.rel.init
 *(.rel.init)

.rela.init
 *(.rela.init)

.rel.text
 *(.rel.text)
 *(.rel.text.*)
 *(.rel.gnu.linkonce.t*)

.rela.text
 *(.rela.text)
 *(.rela.text.*)
 *(.rela.gnu.linkonce.t*)

.rel.fini
 *(.rel.fini)

.rela.fini
 *(.rela.fini)

.rel.rodata
 *(.rel.rodata)
 *(.rel.rodata.*)
 *(.rel.gnu.linkonce.r*)

.rela.rodata
 *(.rela.rodata)
 *(.rela.rodata.*)
 *(.rela.gnu.linkonce.r*)

.rel.data
 *(.rel.data)
 *(.rel.data.*)
 *(.rel.gnu.linkonce.d*)

.rela.data
 *(.rela.data)
 *(.rela.data.*)
 *(.rela.gnu.linkonce.d*)

.rel.ctors
 *(.rel.ctors)

.rela.ctors
 *(.rela.ctors)

.rel.dtors
 *(.rel.dtors)

.rela.dtors
 *(.rela.dtors)

.rel.got
 *(.rel.got)

.rela.got
 *(.rela.got)

.rel.bss
 *(.rel.bss)

.rela.bss
 *(.rela.bss)

.rel.plt
 *(.rel.plt)

.rela.plt
 *(.rela.plt)

.text           0x00000000     0x4346
 *(.vectors)
 .vectors       0x00000000       0x68 C:/Program Files (x86)/Atmel/Studio/7.0/Packs/atmel/ATmega_DFP/1.1.130/gcc/dev/atmega328p/avr5/crtatmega328p.o
                0x00000000                __vector_default
                0x00000000                __vectors
 *(.vectors)
 *(.progmem.gcc*)
 .progmem.gcc_fplib
                0x00000068       0x28 c:/program files (x86)/atmel/studio/7.0/toolchain/avr8/avr8-gnu-toolchain/bin/../lib/gcc/avr/4.9.2/../../../../avr/lib/avr5\libm.a(exp.o)
 .progmem.gcc_fplib
                0x00000090       0x5a c:/program files (x86)/atmel/studio/7.0/toolchain/avr8/avr8-gnu-toolchain/bin/../lib/gcc/avr/4.9.2/../../../../avr/lib/avr5\libm.a(log.o)
                0x000000ea                . = ALIGN (0x2)
                0x000000ea                __trampolines_start = .
 *(.trampolines)
 .trampolines   0x000000ea        0x0 linker stubs
 *(.trampolines*)
                0x000000ea                __trampolines_end = .
 *libprintf_flt.a:*(.progmem.data)
 *libc.a:*(.progmem.data)
 .progmem.data  0x000000ea       0x3b c:/program files (x86)/atmel/studio/7.0/toolchain/avr8/avr8-gnu-toolchain/bin/../lib/gcc/avr/4.9.2/../../../../avr/lib/avr5\libc.a(strtod.o)
 .progmem.data  0x00000125       0xfa c:/program files (x86)/atmel/studio/7.0/toolchain/avr8/avr8-gnu-toolchain/bin/../lib/gcc/avr/4.9.2/../../../../avr/lib/avr5\libc.a(ftoa_engine.o)
 *(.progmem*)
 .progmem.data.digital_pin_to_timer_PGM
                0x0000021f       0x14 C:\Users\wynands\Documents\Arduino\Adroit_GPS\Adroit_GPS\Adroit_GPS\ArduinoCore\Debug\libArduinoCore.a(wiring_digital.o)
                0x0000021f                digital_pin_to_timer_PGM
 .progmem.data.digital_pin_to_bit_mask_PGM
                0x00000233       0x14 C:\Users\wynands\Documents\Arduino\Adroit_GPS\Adroit_GPS\Adroit_GPS\ArduinoCore\Debug\libArduinoCore.a(wiring_digital.o)
                0x00000233                digital_pin_to_bit_mask_PGM
 .progmem.data.digital_pin_to_port_PGM
                0x00000247       0x14 C:\Users\wynands\Documents\Arduino\Adroit_GPS\Adroit_GPS\Adroit_GPS\ArduinoCore\Debug\libArduinoCore.a(wiring_digital.o)
                0x00000247                digital_pin_to_port_PGM
 .progmem.data.port_to_input_PGM
                0x0000025b        0xa C:\Users\wynands\Documents\Arduino\Adroit_GPS\Adroit_GPS\Adroit_GPS\ArduinoCore\Debug\libArduinoCore.a(wiring_digital.o)
                0x0000025b                port_to_input_PGM
 .progmem.data.port_to_output_PGM
                0x00000265        0xa C:\Users\wynands\Documents\Arduino\Adroit_GPS\Adroit_GPS\Adroit_GPS\ArduinoCore\Debug\libArduinoCore.a(wiring_digital.o)
                0x00000265                port_to_output_PGM
 .progmem.data.port_to_mode_PGM
                0x0000026f        0xa C:\Users\wynands\Documents\Arduino\Adroit_GPS\Adroit_GPS\Adroit_GPS\ArduinoCore\Debug\libArduinoCore.a(wiring_digital.o)
                0x0000026f                port_to_mode_PGM
                0x0000027a                . = ALIGN (0x2)
 *fill*         0x00000279        0x1 
 *(.jumptables)
 *(.jumptables*)
 *(.lowtext)
 *(.lowtext*)
                0x0000027a                __ctors_start = .
 *(.ctors)
 .ctors         0x0000027a        0x2 Adroit_GPS.o
 .ctors         0x0000027c        0x2 C:\Users\wynands\Documents\Arduino\Adroit_GPS\Adroit_GPS\Adroit_GPS\ArduinoCore\Debug\libArduinoCore.a(HardwareSerial0.o)
                0x0000027e                __ctors_end = .
                0x0000027e                __dtors_start = .
 *(.dtors)
 .dtors         0x0000027e        0x2 Adroit_GPS.o
                0x00000280                __dtors_end = .
 SORT(*)(.ctors)
 SORT(*)(.dtors)
 *(.init0)
 .init0         0x00000280        0x0 C:/Program Files (x86)/Atmel/Studio/7.0/Packs/atmel/ATmega_DFP/1.1.130/gcc/dev/atmega328p/avr5/crtatmega328p.o
                0x00000280                __init
 *(.init0)
 *(.init1)
 *(.init1)
 *(.init2)
 .init2         0x00000280        0xc C:/Program Files (x86)/Atmel/Studio/7.0/Packs/atmel/ATmega_DFP/1.1.130/gcc/dev/atmega328p/avr5/crtatmega328p.o
 *(.init2)
 *(.init3)
 *(.init3)
 *(.init4)
 .init4         0x0000028c       0x16 c:/program files (x86)/atmel/studio/7.0/toolchain/avr8/avr8-gnu-toolchain/bin/../lib/gcc/avr/4.9.2/avr5\libgcc.a(_copy_data.o)
                0x0000028c                __do_copy_data
 .init4         0x000002a2       0x10 c:/program files (x86)/atmel/studio/7.0/toolchain/avr8/avr8-gnu-toolchain/bin/../lib/gcc/avr/4.9.2/avr5\libgcc.a(_clear_bss.o)
                0x000002a2                __do_clear_bss
 *(.init4)
 *(.init5)
 *(.init5)
 *(.init6)
 .init6         0x000002b2       0x16 c:/program files (x86)/atmel/studio/7.0/toolchain/avr8/avr8-gnu-toolchain/bin/../lib/gcc/avr/4.9.2/avr5\libgcc.a(_ctors.o)
                0x000002b2                __do_global_ctors
 *(.init6)
 *(.init7)
 *(.init7)
 *(.init8)
 *(.init8)
 *(.init9)
 .init9         0x000002c8        0x8 C:/Program Files (x86)/Atmel/Studio/7.0/Packs/atmel/ATmega_DFP/1.1.130/gcc/dev/atmega328p/avr5/crtatmega328p.o
 *(.init9)
 *(.text)
 .text          0x000002d0        0x4 C:/Program Files (x86)/Atmel/Studio/7.0/Packs/atmel/ATmega_DFP/1.1.130/gcc/dev/atmega328p/avr5/crtatmega328p.o
                0x000002d0                __vector_22
                0x000002d0                __vector_24
                0x000002d0                __vector_12
                0x000002d0                __bad_interrupt
                0x000002d0                __vector_6
                0x000002d0                __vector_23
                0x000002d0                __vector_25
                0x000002d0                __vector_11
                0x000002d0                __vector_13
                0x000002d0                __vector_17
                0x000002d0                __vector_7
                0x000002d0                __vector_9
                0x000002d0                __vector_21
                0x000002d0                __vector_15
                0x000002d0                __vector_8
                0x000002d0                __vector_14
                0x000002d0                __vector_10
                0x000002d0                __vector_20
                0x000002d4                . = ALIGN (0x2)
 *(.text.*)
 .text._Z15ISR_keypadPressv
                0x000002d4        0xc Adroit_GPS.o
                0x000002d4                _Z15ISR_keypadPressv
 .text._Z8keyClearv
                0x000002e0       0x12 Adroit_GPS.o
                0x000002e0                _Z8keyClearv
 .text._Z15checkKeyPressedPj
                0x000002f2      0x478 Adroit_GPS.o
                0x000002f2                _Z15checkKeyPressedPj
 .text._Z11checkKeyPadPj
                0x0000076a       0x84 Adroit_GPS.o
                0x0000076a                _Z11checkKeyPadPj
 .text.setup    0x000007ee       0xd6 Adroit_GPS.o
                0x000007ee                setup
 .text._Z16processGPSString6String
                0x000008c4      0x922 Adroit_GPS.o
                0x000008c4                _Z16processGPSString6String
 .text.loop     0x000011e6       0x60 Adroit_GPS.o
                0x000011e6                loop
 .text.startup._GLOBAL__sub_I_fLat
                0x00001246       0x1a Adroit_GPS.o
 .text.exit._GLOBAL__sub_D_fLat
                0x00001260       0x10 Adroit_GPS.o
 .text._Z11serialEventv
                0x00001270       0x36 Adroit_GPS.o
                0x00001270                _Z11serialEventv
 .text._Z8getValue6Stringci
                0x000012a6       0xf4 src/Functions.o
                0x000012a6                _Z8getValue6Stringci
 .text._Z9dayofweekiii
                0x0000139a       0x7e src/Functions.o
                0x0000139a                _Z9dayofweekiii
 .text._ZN14SoftwareSerial4readEv
                0x00001418       0x42 src/libraries/SoftwareSerial/src/SoftwareSerial.o
                0x00001418                _ZN14SoftwareSerial4readEv
 .text._ZN14SoftwareSerial5writeEh
                0x0000145a       0xa8 src/libraries/SoftwareSerial/src/SoftwareSerial.o
                0x0000145a                _ZN14SoftwareSerial5writeEh
 .text._ZN14SoftwareSerial5flushEv
                0x00001502        0x2 src/libraries/SoftwareSerial/src/SoftwareSerial.o
                0x00001502                _ZN14SoftwareSerial5flushEv
 .text._ZN14SoftwareSerial4peekEv
                0x00001504       0x30 src/libraries/SoftwareSerial/src/SoftwareSerial.o
                0x00001504                _ZN14SoftwareSerial4peekEv
 .text._ZN14SoftwareSerial9availableEv
                0x00001534       0x30 src/libraries/SoftwareSerial/src/SoftwareSerial.o
                0x00001534                _ZN14SoftwareSerial9availableEv
 .text._ZN14SoftwareSerial13stopListeningEv
                0x00001564       0x2c src/libraries/SoftwareSerial/src/SoftwareSerial.o
                0x00001564                _ZN14SoftwareSerial13stopListeningEv
 .text._ZN14SoftwareSerial6listenEv
                0x00001590       0x52 src/libraries/SoftwareSerial/src/SoftwareSerial.o
                0x00001590                _ZN14SoftwareSerial6listenEv
 .text.__vector_3
                0x000015e2       0xf4 src/libraries/SoftwareSerial/src/SoftwareSerial.o
                0x000015e2                __vector_5
                0x000015e2                __vector_4
                0x000015e2                __vector_3
 .text._ZN14SoftwareSerialD2Ev
                0x000016d6        0xe src/libraries/SoftwareSerial/src/SoftwareSerial.o
                0x000016d6                _ZN14SoftwareSerialD1Ev
                0x000016d6                _ZN14SoftwareSerialD2Ev
 .text._ZN14SoftwareSerial5setTXEh
                0x000016e4       0x52 src/libraries/SoftwareSerial/src/SoftwareSerial.o
                0x000016e4                _ZN14SoftwareSerial5setTXEh
 .text._ZN14SoftwareSerial5setRXEh
                0x00001736       0x52 src/libraries/SoftwareSerial/src/SoftwareSerial.o
                0x00001736                _ZN14SoftwareSerial5setRXEh
 .text._ZN14SoftwareSerialC2Ehhb
                0x00001788       0x56 src/libraries/SoftwareSerial/src/SoftwareSerial.o
                0x00001788                _ZN14SoftwareSerialC1Ehhb
                0x00001788                _ZN14SoftwareSerialC2Ehhb
 .text._ZN14SoftwareSerial5beginEl
                0x000017de      0x11c src/libraries/SoftwareSerial/src/SoftwareSerial.o
                0x000017de                _ZN14SoftwareSerial5beginEl
 .text._Z19modbus_update_commslhh
                0x000018fa       0x96 src/SimpleModbusSlave.o
                0x000018fa                _Z19modbus_update_commslhh
 .text._Z16modbus_configureP14SoftwareSeriallhhhjPj
                0x00001990       0x70 src/SimpleModbusSlave.o
                0x00001990                _Z16modbus_configureP14SoftwareSeriallhhhjPj
 .text._Z12calculateCRCh
                0x00001a00       0x3a src/SimpleModbusSlave.o
                0x00001a00                _Z12calculateCRCh
 .text._Z10sendPacketh
                0x00001a3a       0x74 src/SimpleModbusSlave.o
                0x00001a3a                _Z10sendPacketh
 .text._Z17exceptionResponseh
                0x00001aae       0x48 src/SimpleModbusSlave.o
                0x00001aae                _Z17exceptionResponseh
 .text._Z13modbus_updatev
                0x00001af6      0x29e src/SimpleModbusSlave.o
                0x00001af6                _Z13modbus_updatev
 .text.avr-libc.fplib
                0x00001d94        0xe c:/program files (x86)/atmel/studio/7.0/toolchain/avr8/avr8-gnu-toolchain/bin/../lib/gcc/avr/4.9.2/../../../../avr/lib/avr5\libm.a(addsf3.o)
                0x00001d94                __subsf3
                0x00001d96                __addsf3
 .text.avr-libc.fplib
                0x00001da2       0xcc c:/program files (x86)/atmel/studio/7.0/toolchain/avr8/avr8-gnu-toolchain/bin/../lib/gcc/avr/4.9.2/../../../../avr/lib/avr5\libm.a(addsf3x.o)
                0x00001dc4                __addsf3x
 .text.avr-libc.fplib
                0x00001e6e       0x2e c:/program files (x86)/atmel/studio/7.0/toolchain/avr8/avr8-gnu-toolchain/bin/../lib/gcc/avr/4.9.2/../../../../avr/lib/avr5\libm.a(ceil.o)
                0x00001e6e                ceil
 .text.avr-libc.fplib
                0x00001e9c        0xa c:/program files (x86)/atmel/studio/7.0/toolchain/avr8/avr8-gnu-toolchain/bin/../lib/gcc/avr/4.9.2/../../../../avr/lib/avr5\libm.a(cmpsf2.o)
                0x00001e9c                __nesf2
                0x00001e9c                __eqsf2
                0x00001e9c                __cmpsf2
                0x00001e9c                __ltsf2
                0x00001e9c                __lesf2
 .text.avr-libc.fplib
                0x00001ea6        0x8 c:/program files (x86)/atmel/studio/7.0/toolchain/avr8/avr8-gnu-toolchain/bin/../lib/gcc/avr/4.9.2/../../../../avr/lib/avr5\libm.a(divsf3.o)
                0x00001ea6                __divsf3
 .text.avr-libc.fplib
                0x00001eae       0xdc c:/program files (x86)/atmel/studio/7.0/toolchain/avr8/avr8-gnu-toolchain/bin/../lib/gcc/avr/4.9.2/../../../../avr/lib/avr5\libm.a(divsf3x.o)
                0x00001ece                __divsf3x
                0x00001ed4                __divsf3_pse
 .text.avr-libc.fplib
                0x00001f8a       0x5e c:/program files (x86)/atmel/studio/7.0/toolchain/avr8/avr8-gnu-toolchain/bin/../lib/gcc/avr/4.9.2/../../../../avr/lib/avr5\libm.a(fixunssfsi.o)
                0x00001f8a                __fixunssfsi
 .text.avr-libc.fplib
                0x00001fe8       0x7a c:/program files (x86)/atmel/studio/7.0/toolchain/avr8/avr8-gnu-toolchain/bin/../lib/gcc/avr/4.9.2/../../../../avr/lib/avr5\libm.a(floatsisf.o)
                0x00001fe8                __floatunsisf
                0x00001fec                __floatsisf
 .text.avr-libc.fplib
                0x00002062       0x48 c:/program files (x86)/atmel/studio/7.0/toolchain/avr8/avr8-gnu-toolchain/bin/../lib/gcc/avr/4.9.2/../../../../avr/lib/avr5\libm.a(fp_cmp.o)
                0x00002062                __fp_cmp
 .text.avr-libc.fplib
                0x000020aa        0xc c:/program files (x86)/atmel/studio/7.0/toolchain/avr8/avr8-gnu-toolchain/bin/../lib/gcc/avr/4.9.2/../../../../avr/lib/avr5\libm.a(fp_inf.o)
                0x000020aa                __fp_inf
 .text.avr-libc.fplib
                0x000020b6       0x36 c:/program files (x86)/atmel/studio/7.0/toolchain/avr8/avr8-gnu-toolchain/bin/../lib/gcc/avr/4.9.2/../../../../avr/lib/avr5\libm.a(fp_mintl.o)
                0x000020b6                __fp_mintl
 .text.avr-libc.fplib
                0x000020ec       0x1c c:/program files (x86)/atmel/studio/7.0/toolchain/avr8/avr8-gnu-toolchain/bin/../lib/gcc/avr/4.9.2/../../../../avr/lib/avr5\libm.a(fp_mpack.o)
                0x000020ec                __fp_mpack
                0x000020f0                __fp_mpack_finite
 .text.avr-libc.fplib
                0x00002108        0x6 c:/program files (x86)/atmel/studio/7.0/toolchain/avr8/avr8-gnu-toolchain/bin/../lib/gcc/avr/4.9.2/../../../../avr/lib/avr5\libm.a(fp_nan.o)
                0x00002108                __fp_nan
 .text.avr-libc.fplib
                0x0000210e        0xe c:/program files (x86)/atmel/studio/7.0/toolchain/avr8/avr8-gnu-toolchain/bin/../lib/gcc/avr/4.9.2/../../../../avr/lib/avr5\libm.a(fp_pscA.o)
                0x0000210e                __fp_pscA
 .text.avr-libc.fplib
                0x0000211c        0xe c:/program files (x86)/atmel/studio/7.0/toolchain/avr8/avr8-gnu-toolchain/bin/../lib/gcc/avr/4.9.2/../../../../avr/lib/avr5\libm.a(fp_pscB.o)
                0x0000211c                __fp_pscB
 .text.avr-libc.fplib
                0x0000212a       0x22 c:/program files (x86)/atmel/studio/7.0/toolchain/avr8/avr8-gnu-toolchain/bin/../lib/gcc/avr/4.9.2/../../../../avr/lib/avr5\libm.a(fp_round.o)
                0x0000212a                __fp_round
 .text.avr-libc.fplib
                0x0000214c       0x44 c:/program files (x86)/atmel/studio/7.0/toolchain/avr8/avr8-gnu-toolchain/bin/../lib/gcc/avr/4.9.2/../../../../avr/lib/avr5\libm.a(fp_split3.o)
                0x0000214c                __fp_split3
                0x0000215c                __fp_splitA
 .text.avr-libc.fplib
                0x00002190       0x30 c:/program files (x86)/atmel/studio/7.0/toolchain/avr8/avr8-gnu-toolchain/bin/../lib/gcc/avr/4.9.2/../../../../avr/lib/avr5\libm.a(fp_trunc.o)
                0x00002190                __fp_trunc
 .text.avr-libc.fplib
                0x000021c0        0xe c:/program files (x86)/atmel/studio/7.0/toolchain/avr8/avr8-gnu-toolchain/bin/../lib/gcc/avr/4.9.2/../../../../avr/lib/avr5\libm.a(fp_zero.o)
                0x000021c0                __fp_zero
                0x000021c2                __fp_szero
 .text.avr-libc.fplib
                0x000021ce        0x8 c:/program files (x86)/atmel/studio/7.0/toolchain/avr8/avr8-gnu-toolchain/bin/../lib/gcc/avr/4.9.2/../../../../avr/lib/avr5\libm.a(mulsf3.o)
                0x000021ce                __mulsf3
 .text.avr-libc.fplib
                0x000021d6       0xd2 c:/program files (x86)/atmel/studio/7.0/toolchain/avr8/avr8-gnu-toolchain/bin/../lib/gcc/avr/4.9.2/../../../../avr/lib/avr5\libm.a(mulsf3x.o)
                0x000021f4                __mulsf3x
                0x000021fa                __mulsf3_pse
 .text.avr-libc.fplib
                0x000022a8       0xa0 c:/program files (x86)/atmel/studio/7.0/toolchain/avr8/avr8-gnu-toolchain/bin/../lib/gcc/avr/4.9.2/../../../../avr/lib/avr5\libm.a(pow.o)
                0x000022a8                pow
 .text.avr-libc.fplib
                0x00002348       0x74 c:/program files (x86)/atmel/studio/7.0/toolchain/avr8/avr8-gnu-toolchain/bin/../lib/gcc/avr/4.9.2/../../../../avr/lib/avr5\libm.a(exp.o)
                0x00002358                exp
 .text.avr-libc.fplib
                0x000023bc       0x4e c:/program files (x86)/atmel/studio/7.0/toolchain/avr8/avr8-gnu-toolchain/bin/../lib/gcc/avr/4.9.2/../../../../avr/lib/avr5\libm.a(fp_powser.o)
                0x000023bc                __fp_powser
 .text.avr-libc.fplib
                0x0000240a       0x10 c:/program files (x86)/atmel/studio/7.0/toolchain/avr8/avr8-gnu-toolchain/bin/../lib/gcc/avr/4.9.2/../../../../avr/lib/avr5\libm.a(inverse.o)
                0x0000240a                inverse
 .text.avr-libc.fplib
                0x0000241a       0x74 c:/program files (x86)/atmel/studio/7.0/toolchain/avr8/avr8-gnu-toolchain/bin/../lib/gcc/avr/4.9.2/../../../../avr/lib/avr5\libm.a(ldexp.o)
                0x00002422                ldexp
 .text.avr-libc.fplib
                0x0000248e       0xa0 c:/program files (x86)/atmel/studio/7.0/toolchain/avr8/avr8-gnu-toolchain/bin/../lib/gcc/avr/4.9.2/../../../../avr/lib/avr5\libm.a(log.o)
                0x0000249e                log
 .text.avr-libc.fplib
                0x0000252e       0x68 c:/program files (x86)/atmel/studio/7.0/toolchain/avr8/avr8-gnu-toolchain/bin/../lib/gcc/avr/4.9.2/../../../../avr/lib/avr5\libm.a(modf.o)
                0x0000252e                modf
                0x0000252e                modff
 .text._ZN14HardwareSerial9availableEv
                0x00002596       0x18 C:\Users\wynands\Documents\Arduino\Adroit_GPS\Adroit_GPS\Adroit_GPS\ArduinoCore\Debug\libArduinoCore.a(HardwareSerial.o)
                0x00002596                _ZN14HardwareSerial9availableEv
 .text._ZN14HardwareSerial4peekEv
                0x000025ae       0x1c C:\Users\wynands\Documents\Arduino\Adroit_GPS\Adroit_GPS\Adroit_GPS\ArduinoCore\Debug\libArduinoCore.a(HardwareSerial.o)
                0x000025ae                _ZN14HardwareSerial4peekEv
 .text._ZN14HardwareSerial4readEv
                0x000025ca       0x28 C:\Users\wynands\Documents\Arduino\Adroit_GPS\Adroit_GPS\Adroit_GPS\ArduinoCore\Debug\libArduinoCore.a(HardwareSerial.o)
                0x000025ca                _ZN14HardwareSerial4readEv
 .text._Z14serialEventRunv
                0x000025f2       0x1c C:\Users\wynands\Documents\Arduino\Adroit_GPS\Adroit_GPS\Adroit_GPS\ArduinoCore\Debug\libArduinoCore.a(HardwareSerial.o)
                0x000025f2                _Z14serialEventRunv
 .text._ZN14HardwareSerial17_tx_udr_empty_irqEv
                0x0000260e       0x42 C:\Users\wynands\Documents\Arduino\Adroit_GPS\Adroit_GPS\Adroit_GPS\ArduinoCore\Debug\libArduinoCore.a(HardwareSerial.o)
                0x0000260e                _ZN14HardwareSerial17_tx_udr_empty_irqEv
 .text._ZN14HardwareSerial5flushEv
                0x00002650       0x44 C:\Users\wynands\Documents\Arduino\Adroit_GPS\Adroit_GPS\Adroit_GPS\ArduinoCore\Debug\libArduinoCore.a(HardwareSerial.o)
                0x00002650                _ZN14HardwareSerial5flushEv
 .text._ZN14HardwareSerial5writeEh
                0x00002694       0x8e C:\Users\wynands\Documents\Arduino\Adroit_GPS\Adroit_GPS\Adroit_GPS\ArduinoCore\Debug\libArduinoCore.a(HardwareSerial.o)
                0x00002694                _ZN14HardwareSerial5writeEh
 .text._ZN14HardwareSerial5beginEmh
                0x00002722       0xca C:\Users\wynands\Documents\Arduino\Adroit_GPS\Adroit_GPS\Adroit_GPS\ArduinoCore\Debug\libArduinoCore.a(HardwareSerial.o)
                0x00002722                _ZN14HardwareSerial5beginEmh
 .text.__vector_18
                0x000027ec       0x64 C:\Users\wynands\Documents\Arduino\Adroit_GPS\Adroit_GPS\Adroit_GPS\ArduinoCore\Debug\libArduinoCore.a(HardwareSerial0.o)
                0x000027ec                __vector_18
 .text.__vector_19
                0x00002850       0x4c C:\Users\wynands\Documents\Arduino\Adroit_GPS\Adroit_GPS\Adroit_GPS\ArduinoCore\Debug\libArduinoCore.a(HardwareSerial0.o)
                0x00002850                __vector_19
 .text._Z17Serial0_availablev
                0x0000289c       0x14 C:\Users\wynands\Documents\Arduino\Adroit_GPS\Adroit_GPS\Adroit_GPS\ArduinoCore\Debug\libArduinoCore.a(HardwareSerial0.o)
                0x0000289c                _Z17Serial0_availablev
 .text.startup._GLOBAL__sub_I___vector_18
                0x000028b0       0x5a C:\Users\wynands\Documents\Arduino\Adroit_GPS\Adroit_GPS\Adroit_GPS\ArduinoCore\Debug\libArduinoCore.a(HardwareSerial0.o)
 .text.initVariant
                0x0000290a        0x2 C:\Users\wynands\Documents\Arduino\Adroit_GPS\Adroit_GPS\Adroit_GPS\ArduinoCore\Debug\libArduinoCore.a(main.o)
                0x0000290a                initVariant
 .text.startup.main
                0x0000290c       0x1e C:\Users\wynands\Documents\Arduino\Adroit_GPS\Adroit_GPS\Adroit_GPS\ArduinoCore\Debug\libArduinoCore.a(main.o)
                0x0000290c                main
 .text._ZN5Print5writeEPKhj
                0x0000292a       0x56 C:\Users\wynands\Documents\Arduino\Adroit_GPS\Adroit_GPS\Adroit_GPS\ArduinoCore\Debug\libArduinoCore.a(Print.o)
                0x0000292a                _ZN5Print5writeEPKhj
 .text._ZN5Print5writeEPKc
                0x00002980       0x2a C:\Users\wynands\Documents\Arduino\Adroit_GPS\Adroit_GPS\Adroit_GPS\ArduinoCore\Debug\libArduinoCore.a(Print.o)
                0x00002980                _ZN5Print5writeEPKc
 .text._ZN5Print5printERK6String
                0x000029aa       0x1c C:\Users\wynands\Documents\Arduino\Adroit_GPS\Adroit_GPS\Adroit_GPS\ArduinoCore\Debug\libArduinoCore.a(Print.o)
                0x000029aa                _ZN5Print5printERK6String
 .text._ZN5Print7printlnEv
                0x000029c6        0x8 C:\Users\wynands\Documents\Arduino\Adroit_GPS\Adroit_GPS\Adroit_GPS\ArduinoCore\Debug\libArduinoCore.a(Print.o)
                0x000029c6                _ZN5Print7printlnEv
 .text._ZN5Print7printlnERK6String
                0x000029ce       0x24 C:\Users\wynands\Documents\Arduino\Adroit_GPS\Adroit_GPS\Adroit_GPS\ArduinoCore\Debug\libArduinoCore.a(Print.o)
                0x000029ce                _ZN5Print7printlnERK6String
 .text._ZN5Print7printlnEPKc
                0x000029f2       0x24 C:\Users\wynands\Documents\Arduino\Adroit_GPS\Adroit_GPS\Adroit_GPS\ArduinoCore\Debug\libArduinoCore.a(Print.o)
                0x000029f2                _ZN5Print7printlnEPKc
 .text.nothing  0x00002a16        0x2 C:\Users\wynands\Documents\Arduino\Adroit_GPS\Adroit_GPS\Adroit_GPS\ArduinoCore\Debug\libArduinoCore.a(WInterrupts.o)
 .text.attachInterrupt
                0x00002a18       0x40 C:\Users\wynands\Documents\Arduino\Adroit_GPS\Adroit_GPS\Adroit_GPS\ArduinoCore\Debug\libArduinoCore.a(WInterrupts.o)
                0x00002a18                attachInterrupt
 .text.__vector_1
                0x00002a58       0x4e C:\Users\wynands\Documents\Arduino\Adroit_GPS\Adroit_GPS\Adroit_GPS\ArduinoCore\Debug\libArduinoCore.a(WInterrupts.o)
                0x00002a58                __vector_1
 .text.__vector_2
                0x00002aa6       0x4e C:\Users\wynands\Documents\Arduino\Adroit_GPS\Adroit_GPS\Adroit_GPS\ArduinoCore\Debug\libArduinoCore.a(WInterrupts.o)
                0x00002aa6                __vector_2
 .text.__vector_16
                0x00002af4       0x94 C:\Users\wynands\Documents\Arduino\Adroit_GPS\Adroit_GPS\Adroit_GPS\ArduinoCore\Debug\libArduinoCore.a(wiring.o)
                0x00002af4                __vector_16
 .text.millis   0x00002b88       0x18 C:\Users\wynands\Documents\Arduino\Adroit_GPS\Adroit_GPS\Adroit_GPS\ArduinoCore\Debug\libArduinoCore.a(wiring.o)
                0x00002b88                millis
 .text.micros   0x00002ba0       0x4a C:\Users\wynands\Documents\Arduino\Adroit_GPS\Adroit_GPS\Adroit_GPS\ArduinoCore\Debug\libArduinoCore.a(wiring.o)
                0x00002ba0                micros
 .text.delay    0x00002bea       0x78 C:\Users\wynands\Documents\Arduino\Adroit_GPS\Adroit_GPS\Adroit_GPS\ArduinoCore\Debug\libArduinoCore.a(wiring.o)
                0x00002bea                delay
 .text.delayMicroseconds
                0x00002c62       0x16 C:\Users\wynands\Documents\Arduino\Adroit_GPS\Adroit_GPS\Adroit_GPS\ArduinoCore\Debug\libArduinoCore.a(wiring.o)
                0x00002c62                delayMicroseconds
 .text.init     0x00002c78       0x76 C:\Users\wynands\Documents\Arduino\Adroit_GPS\Adroit_GPS\Adroit_GPS\ArduinoCore\Debug\libArduinoCore.a(wiring.o)
                0x00002c78                init
 .text.turnOffPWM
                0x00002cee       0x52 C:\Users\wynands\Documents\Arduino\Adroit_GPS\Adroit_GPS\Adroit_GPS\ArduinoCore\Debug\libArduinoCore.a(wiring_digital.o)
 .text.pinMode  0x00002d40       0x78 C:\Users\wynands\Documents\Arduino\Adroit_GPS\Adroit_GPS\Adroit_GPS\ArduinoCore\Debug\libArduinoCore.a(wiring_digital.o)
                0x00002d40                pinMode
 .text.digitalWrite
                0x00002db8       0x60 C:\Users\wynands\Documents\Arduino\Adroit_GPS\Adroit_GPS\Adroit_GPS\ArduinoCore\Debug\libArduinoCore.a(wiring_digital.o)
                0x00002db8                digitalWrite
 .text.digitalRead
                0x00002e18       0x52 C:\Users\wynands\Documents\Arduino\Adroit_GPS\Adroit_GPS\Adroit_GPS\ArduinoCore\Debug\libArduinoCore.a(wiring_digital.o)
                0x00002e18                digitalRead
 .text._ZN6StringD2Ev
                0x00002e6a        0xa C:\Users\wynands\Documents\Arduino\Adroit_GPS\Adroit_GPS\Adroit_GPS\ArduinoCore\Debug\libArduinoCore.a(WString.o)
                0x00002e6a                _ZN6StringD2Ev
                0x00002e6a                _ZN6StringD1Ev
 .text._ZN6String10invalidateEv
                0x00002e74       0x24 C:\Users\wynands\Documents\Arduino\Adroit_GPS\Adroit_GPS\Adroit_GPS\ArduinoCore\Debug\libArduinoCore.a(WString.o)
                0x00002e74                _ZN6String10invalidateEv
 .text._ZN6String12changeBufferEj
                0x00002e98       0x34 C:\Users\wynands\Documents\Arduino\Adroit_GPS\Adroit_GPS\Adroit_GPS\ArduinoCore\Debug\libArduinoCore.a(WString.o)
                0x00002e98                _ZN6String12changeBufferEj
 .text._ZN6String7reserveEj
                0x00002ecc       0x38 C:\Users\wynands\Documents\Arduino\Adroit_GPS\Adroit_GPS\Adroit_GPS\ArduinoCore\Debug\libArduinoCore.a(WString.o)
                0x00002ecc                _ZN6String7reserveEj
 .text._ZN6String4copyEPKcj
                0x00002f04       0x42 C:\Users\wynands\Documents\Arduino\Adroit_GPS\Adroit_GPS\Adroit_GPS\ArduinoCore\Debug\libArduinoCore.a(WString.o)
                0x00002f04                _ZN6String4copyEPKcj
 .text._ZN6StringC2EPKc
                0x00002f46       0x2a C:\Users\wynands\Documents\Arduino\Adroit_GPS\Adroit_GPS\Adroit_GPS\ArduinoCore\Debug\libArduinoCore.a(WString.o)
                0x00002f46                _ZN6StringC2EPKc
                0x00002f46                _ZN6StringC1EPKc
 .text._ZN6StringaSERKS_
                0x00002f70       0x2e C:\Users\wynands\Documents\Arduino\Adroit_GPS\Adroit_GPS\Adroit_GPS\ArduinoCore\Debug\libArduinoCore.a(WString.o)
                0x00002f70                _ZN6StringaSERKS_
 .text._ZN6StringC2ERKS_
                0x00002f9e       0x12 C:\Users\wynands\Documents\Arduino\Adroit_GPS\Adroit_GPS\Adroit_GPS\ArduinoCore\Debug\libArduinoCore.a(WString.o)
                0x00002f9e                _ZN6StringC2ERKS_
                0x00002f9e                _ZN6StringC1ERKS_
 .text._ZN6StringaSEPKc
                0x00002fb0       0x2e C:\Users\wynands\Documents\Arduino\Adroit_GPS\Adroit_GPS\Adroit_GPS\ArduinoCore\Debug\libArduinoCore.a(WString.o)
                0x00002fb0                _ZN6StringaSEPKc
 .text._ZN6StringC2Ehh
                0x00002fde       0x5a C:\Users\wynands\Documents\Arduino\Adroit_GPS\Adroit_GPS\Adroit_GPS\ArduinoCore\Debug\libArduinoCore.a(WString.o)
                0x00002fde                _ZN6StringC2Ehh
                0x00002fde                _ZN6StringC1Ehh
 .text._ZN6StringC2Eih
                0x00003038       0x58 C:\Users\wynands\Documents\Arduino\Adroit_GPS\Adroit_GPS\Adroit_GPS\ArduinoCore\Debug\libArduinoCore.a(WString.o)
                0x00003038                _ZN6StringC2Eih
                0x00003038                _ZN6StringC1Eih
 .text._ZN6StringC2Emh
                0x00003090       0x5a C:\Users\wynands\Documents\Arduino\Adroit_GPS\Adroit_GPS\Adroit_GPS\ArduinoCore\Debug\libArduinoCore.a(WString.o)
                0x00003090                _ZN6StringC1Emh
                0x00003090                _ZN6StringC2Emh
 .text._ZN6StringC2Efh
                0x000030ea       0x60 C:\Users\wynands\Documents\Arduino\Adroit_GPS\Adroit_GPS\Adroit_GPS\ArduinoCore\Debug\libArduinoCore.a(WString.o)
                0x000030ea                _ZN6StringC2Efh
                0x000030ea                _ZN6StringC1Efh
 .text._ZN6StringC2Edh
                0x0000314a       0x60 C:\Users\wynands\Documents\Arduino\Adroit_GPS\Adroit_GPS\Adroit_GPS\ArduinoCore\Debug\libArduinoCore.a(WString.o)
                0x0000314a                _ZN6StringC1Edh
                0x0000314a                _ZN6StringC2Edh
 .text._ZN6String6concatEPKcj
                0x000031aa       0x5c C:\Users\wynands\Documents\Arduino\Adroit_GPS\Adroit_GPS\Adroit_GPS\ArduinoCore\Debug\libArduinoCore.a(WString.o)
                0x000031aa                _ZN6String6concatEPKcj
 .text._ZN6String6concatEc
                0x00003206       0x26 C:\Users\wynands\Documents\Arduino\Adroit_GPS\Adroit_GPS\Adroit_GPS\ArduinoCore\Debug\libArduinoCore.a(WString.o)
                0x00003206                _ZN6String6concatEc
 .text._ZplRK15StringSumHelperRK6String
                0x0000322c       0x26 C:\Users\wynands\Documents\Arduino\Adroit_GPS\Adroit_GPS\Adroit_GPS\ArduinoCore\Debug\libArduinoCore.a(WString.o)
                0x0000322c                _ZplRK15StringSumHelperRK6String
 .text._ZplRK15StringSumHelperPKc
                0x00003252       0x32 C:\Users\wynands\Documents\Arduino\Adroit_GPS\Adroit_GPS\Adroit_GPS\ArduinoCore\Debug\libArduinoCore.a(WString.o)
                0x00003252                _ZplRK15StringSumHelperPKc
 .text._ZNK6String6equalsEPKc
                0x00003284       0x3e C:\Users\wynands\Documents\Arduino\Adroit_GPS\Adroit_GPS\Adroit_GPS\ArduinoCore\Debug\libArduinoCore.a(WString.o)
                0x00003284                _ZNK6String6equalsEPKc
 .text._ZNK6String10startsWithERKS_j
                0x000032c2       0x4c C:\Users\wynands\Documents\Arduino\Adroit_GPS\Adroit_GPS\Adroit_GPS\ArduinoCore\Debug\libArduinoCore.a(WString.o)
                0x000032c2                _ZNK6String10startsWithERKS_j
 .text._ZNK6StringixEj
                0x0000330e       0x22 C:\Users\wynands\Documents\Arduino\Adroit_GPS\Adroit_GPS\Adroit_GPS\ArduinoCore\Debug\libArduinoCore.a(WString.o)
                0x0000330e                _ZNK6StringixEj
 .text._ZNK6String6charAtEj
                0x00003330        0x4 C:\Users\wynands\Documents\Arduino\Adroit_GPS\Adroit_GPS\Adroit_GPS\ArduinoCore\Debug\libArduinoCore.a(WString.o)
                0x00003330                _ZNK6String6charAtEj
 .text._ZNK6String9substringEjj
                0x00003334       0x8c C:\Users\wynands\Documents\Arduino\Adroit_GPS\Adroit_GPS\Adroit_GPS\ArduinoCore\Debug\libArduinoCore.a(WString.o)
                0x00003334                _ZNK6String9substringEjj
 .text._ZNK6String5toIntEv
                0x000033c0       0x16 C:\Users\wynands\Documents\Arduino\Adroit_GPS\Adroit_GPS\Adroit_GPS\ArduinoCore\Debug\libArduinoCore.a(WString.o)
                0x000033c0                _ZNK6String5toIntEv
 .text._ZNK6String8toDoubleEv
                0x000033d6       0x16 C:\Users\wynands\Documents\Arduino\Adroit_GPS\Adroit_GPS\Adroit_GPS\ArduinoCore\Debug\libArduinoCore.a(WString.o)
                0x000033d6                _ZNK6String8toDoubleEv
 .text._ZNK6String7toFloatEv
                0x000033ec        0x4 C:\Users\wynands\Documents\Arduino\Adroit_GPS\Adroit_GPS\Adroit_GPS\ArduinoCore\Debug\libArduinoCore.a(WString.o)
                0x000033ec                _ZNK6String7toFloatEv
 .text.__empty  0x000033f0        0x2 C:\Users\wynands\Documents\Arduino\Adroit_GPS\Adroit_GPS\Adroit_GPS\ArduinoCore\Debug\libArduinoCore.a(hooks.o)
                0x000033f0                yield
 .text.libgcc.div
                0x000033f2       0x28 c:/program files (x86)/atmel/studio/7.0/toolchain/avr8/avr8-gnu-toolchain/bin/../lib/gcc/avr/4.9.2/avr5\libgcc.a(_divmodhi4.o)
                0x000033f2                _div
                0x000033f2                __divmodhi4
 .text.libgcc.div
                0x0000341a       0x44 c:/program files (x86)/atmel/studio/7.0/toolchain/avr8/avr8-gnu-toolchain/bin/../lib/gcc/avr/4.9.2/avr5\libgcc.a(_udivmodsi4.o)
                0x0000341a                __udivmodsi4
 .text.libgcc.div
                0x0000345e       0x2e c:/program files (x86)/atmel/studio/7.0/toolchain/avr8/avr8-gnu-toolchain/bin/../lib/gcc/avr/4.9.2/avr5\libgcc.a(_divmodsi4.o)
                0x0000345e                __divmodsi4
 .text.libgcc.div
                0x0000348c       0x10 c:/program files (x86)/atmel/studio/7.0/toolchain/avr8/avr8-gnu-toolchain/bin/../lib/gcc/avr/4.9.2/avr5\libgcc.a(_negsi2.o)
                0x0000348c                __negsi2
 .text.libgcc.div
                0x0000349c       0x28 c:/program files (x86)/atmel/studio/7.0/toolchain/avr8/avr8-gnu-toolchain/bin/../lib/gcc/avr/4.9.2/avr5\libgcc.a(_udivmodhi4.o)
                0x0000349c                __udivmodhi4
 .text.libgcc   0x000034c4        0xc c:/program files (x86)/atmel/studio/7.0/toolchain/avr8/avr8-gnu-toolchain/bin/../lib/gcc/avr/4.9.2/avr5\libgcc.a(_tablejump2.o)
                0x000034c4                __tablejump2__
 .text.avr-libc
                0x000034d0       0x40 c:/program files (x86)/atmel/studio/7.0/toolchain/avr8/avr8-gnu-toolchain/bin/../lib/gcc/avr/4.9.2/../../../../avr/lib/avr5\libc.a(dtostrf.o)
                0x000034d0                dtostrf
 .text.avr-libc
                0x00003510      0x25a c:/program files (x86)/atmel/studio/7.0/toolchain/avr8/avr8-gnu-toolchain/bin/../lib/gcc/avr/4.9.2/../../../../avr/lib/avr5\libc.a(malloc.o)
                0x00003510                malloc
                0x0000363a                free
 .text.avr-libc
                0x0000376a      0x194 c:/program files (x86)/atmel/studio/7.0/toolchain/avr8/avr8-gnu-toolchain/bin/../lib/gcc/avr/4.9.2/../../../../avr/lib/avr5\libc.a(realloc.o)
                0x0000376a                realloc
 .text.avr-libc
                0x000038fe        0x8 c:/program files (x86)/atmel/studio/7.0/toolchain/avr8/avr8-gnu-toolchain/bin/../lib/gcc/avr/4.9.2/../../../../avr/lib/avr5\libc.a(atof.o)
                0x000038fe                atof
 .text.avr-libc
                0x00003906       0x4e c:/program files (x86)/atmel/studio/7.0/toolchain/avr8/avr8-gnu-toolchain/bin/../lib/gcc/avr/4.9.2/../../../../avr/lib/avr5\libc.a(atol.o)
                0x00003906                atol
 .text.avr-libc
                0x00003954       0x12 c:/program files (x86)/atmel/studio/7.0/toolchain/avr8/avr8-gnu-toolchain/bin/../lib/gcc/avr/4.9.2/../../../../avr/lib/avr5\libc.a(isspace.o)
                0x00003954                isspace
 .text.avr-libc
                0x00003966       0x12 c:/program files (x86)/atmel/studio/7.0/toolchain/avr8/avr8-gnu-toolchain/bin/../lib/gcc/avr/4.9.2/../../../../avr/lib/avr5\libc.a(memcpy.o)
                0x00003966                memcpy
 .text.avr-libc
                0x00003978       0x12 c:/program files (x86)/atmel/studio/7.0/toolchain/avr8/avr8-gnu-toolchain/bin/../lib/gcc/avr/4.9.2/../../../../avr/lib/avr5\libc.a(strcmp.o)
                0x00003978                strcmp
 .text.avr-libc
                0x0000398a        0xe c:/program files (x86)/atmel/studio/7.0/toolchain/avr8/avr8-gnu-toolchain/bin/../lib/gcc/avr/4.9.2/../../../../avr/lib/avr5\libc.a(strcpy.o)
                0x0000398a                strcpy
 .text.avr-libc
                0x00003998       0x1c c:/program files (x86)/atmel/studio/7.0/toolchain/avr8/avr8-gnu-toolchain/bin/../lib/gcc/avr/4.9.2/../../../../avr/lib/avr5\libc.a(strncmp.o)
                0x00003998                strncmp
 .text.avr-libc
                0x000039b4       0x16 c:/program files (x86)/atmel/studio/7.0/toolchain/avr8/avr8-gnu-toolchain/bin/../lib/gcc/avr/4.9.2/../../../../avr/lib/avr5\libc.a(itoa.o)
                0x000039b4                __itoa
                0x000039b4                itoa
 .text.avr-libc
                0x000039ca       0x16 c:/program files (x86)/atmel/studio/7.0/toolchain/avr8/avr8-gnu-toolchain/bin/../lib/gcc/avr/4.9.2/../../../../avr/lib/avr5\libc.a(itoa_ncheck.o)
                0x000039ca                __itoa_ncheck
 .text.avr-libc
                0x000039e0       0x2a c:/program files (x86)/atmel/studio/7.0/toolchain/avr8/avr8-gnu-toolchain/bin/../lib/gcc/avr/4.9.2/../../../../avr/lib/avr5\libc.a(mulsi10.o)
                0x000039e0                __mulsi_const_10
 .text.avr-libc
                0x00003a0a       0x16 c:/program files (x86)/atmel/studio/7.0/toolchain/avr8/avr8-gnu-toolchain/bin/../lib/gcc/avr/4.9.2/../../../../avr/lib/avr5\libc.a(ultoa.o)
                0x00003a0a                ultoa
                0x00003a0a                __ultoa
 .text.avr-libc
                0x00003a20       0x44 c:/program files (x86)/atmel/studio/7.0/toolchain/avr8/avr8-gnu-toolchain/bin/../lib/gcc/avr/4.9.2/../../../../avr/lib/avr5\libc.a(ultoa_ncheck.o)
                0x00003a20                __ultoa_ncheck
                0x00003a22                __ultoa_common
 .text.avr-libc
                0x00003a64       0x16 c:/program files (x86)/atmel/studio/7.0/toolchain/avr8/avr8-gnu-toolchain/bin/../lib/gcc/avr/4.9.2/../../../../avr/lib/avr5\libc.a(utoa.o)
                0x00003a64                __utoa
                0x00003a64                utoa
 .text.avr-libc
                0x00003a7a       0x34 c:/program files (x86)/atmel/studio/7.0/toolchain/avr8/avr8-gnu-toolchain/bin/../lib/gcc/avr/4.9.2/../../../../avr/lib/avr5\libc.a(utoa_ncheck.o)
                0x00003a7a                __utoa_ncheck
                0x00003a7c                __utoa_common
 .text.avr-libc
                0x00003aae      0x31c c:/program files (x86)/atmel/studio/7.0/toolchain/avr8/avr8-gnu-toolchain/bin/../lib/gcc/avr/4.9.2/../../../../avr/lib/avr5\libc.a(dtoa_prf.o)
                0x00003aae                dtoa_prf
 .text.avr-libc
                0x00003dca      0x2ba c:/program files (x86)/atmel/studio/7.0/toolchain/avr8/avr8-gnu-toolchain/bin/../lib/gcc/avr/4.9.2/../../../../avr/lib/avr5\libc.a(strtod.o)
                0x00003dca                strtod
 .text.avr-libc
                0x00004084      0x1b0 c:/program files (x86)/atmel/studio/7.0/toolchain/avr8/avr8-gnu-toolchain/bin/../lib/gcc/avr/4.9.2/../../../../avr/lib/avr5\libc.a(ftoa_engine.o)
                0x00004084                __ftoa_engine
 .text.avr-libc
                0x00004234        0x6 c:/program files (x86)/atmel/studio/7.0/toolchain/avr8/avr8-gnu-toolchain/bin/../lib/gcc/avr/4.9.2/../../../../avr/lib/avr5\libc.a(cty_isfalse.o)
                0x00004234                __ctype_isfalse
                0x00004238                __ctype_istrue
 .text.avr-libc
                0x0000423a       0x30 c:/program files (x86)/atmel/studio/7.0/toolchain/avr8/avr8-gnu-toolchain/bin/../lib/gcc/avr/4.9.2/../../../../avr/lib/avr5\libc.a(strncasecmp_P.o)
                0x0000423a                strncasecmp_P
 .text.avr-libc
                0x0000426a       0x20 c:/program files (x86)/atmel/studio/7.0/toolchain/avr8/avr8-gnu-toolchain/bin/../lib/gcc/avr/4.9.2/../../../../avr/lib/avr5\libc.a(strrev.o)
                0x0000426a                strrev
 .text.libgcc.mul
                0x0000428a       0x16 c:/program files (x86)/atmel/studio/7.0/toolchain/avr8/avr8-gnu-toolchain/bin/../lib/gcc/avr/4.9.2/avr5\libgcc.a(_muluhisi3.o)
                0x0000428a                __muluhisi3
 .text.libgcc.prologue
                0x000042a0       0x38 c:/program files (x86)/atmel/studio/7.0/toolchain/avr8/avr8-gnu-toolchain/bin/../lib/gcc/avr/4.9.2/avr5\libgcc.a(_prologue.o)
                0x000042a0                __prologue_saves__
 .text.libgcc.prologue
                0x000042d8       0x36 c:/program files (x86)/atmel/studio/7.0/toolchain/avr8/avr8-gnu-toolchain/bin/../lib/gcc/avr/4.9.2/avr5\libgcc.a(_epilogue.o)
                0x000042d8                __epilogue_restores__
 .text.libgcc.mul
                0x0000430e       0x1e c:/program files (x86)/atmel/studio/7.0/toolchain/avr8/avr8-gnu-toolchain/bin/../lib/gcc/avr/4.9.2/avr5\libgcc.a(_umulhisi3.o)
                0x0000430e                __umulhisi3
                0x0000432c                . = ALIGN (0x2)
 *(.fini9)
 .fini9         0x0000432c        0x0 c:/program files (x86)/atmel/studio/7.0/toolchain/avr8/avr8-gnu-toolchain/bin/../lib/gcc/avr/4.9.2/avr5\libgcc.a(_exit.o)
                0x0000432c                _exit
                0x0000432c                exit
 *(.fini9)
 *(.fini8)
 *(.fini8)
 *(.fini7)
 *(.fini7)
 *(.fini6)
 .fini6         0x0000432c       0x16 c:/program files (x86)/atmel/studio/7.0/toolchain/avr8/avr8-gnu-toolchain/bin/../lib/gcc/avr/4.9.2/avr5\libgcc.a(_dtors.o)
                0x0000432c                __do_global_dtors
 *(.fini6)
 *(.fini5)
 *(.fini5)
 *(.fini4)
 *(.fini4)
 *(.fini3)
 *(.fini3)
 *(.fini2)
 *(.fini2)
 *(.fini1)
 *(.fini1)
 *(.fini0)
 .fini0         0x00004342        0x4 c:/program files (x86)/atmel/studio/7.0/toolchain/avr8/avr8-gnu-toolchain/bin/../lib/gcc/avr/4.9.2/avr5\libgcc.a(_exit.o)
 *(.fini0)
                0x00004346                _etext = .

.data           0x00800100       0xbe load address 0x00004346
                0x00800100                PROVIDE (__data_start, .)
 *(.data)
 .data          0x00800100        0x6 c:/program files (x86)/atmel/studio/7.0/toolchain/avr8/avr8-gnu-toolchain/bin/../lib/gcc/avr/4.9.2/../../../../avr/lib/avr5\libc.a(malloc.o)
                0x00800100                __malloc_heap_end
                0x00800102                __malloc_heap_start
                0x00800104                __malloc_margin
 *(.data*)
 .data.timerInterval_quickestKeypress
                0x00800106        0x4 Adroit_GPS.o
                0x00800106                timerInterval_quickestKeypress
 .data.intFunc  0x0080010a        0x4 C:\Users\wynands\Documents\Arduino\Adroit_GPS\Adroit_GPS\Adroit_GPS\ArduinoCore\Debug\libArduinoCore.a(WInterrupts.o)
 *(.rodata)
 *(.rodata*)
 .rodata.str1.1
                0x0080010e       0x67 Adroit_GPS.o
                                 0x70 (size before relaxing)
 .rodata.str1.1
                0x00800175        0x1 src/Functions.o
 .rodata._ZZ9dayofweekiiiE1t
                0x00800175       0x18 src/Functions.o
 .rodata._ZTV14SoftwareSerial
                0x0080018d       0x10 src/libraries/SoftwareSerial/src/SoftwareSerial.o
                0x0080018d                _ZTV14SoftwareSerial
 .rodata._ZTV14HardwareSerial
                0x0080019d       0x10 C:\Users\wynands\Documents\Arduino\Adroit_GPS\Adroit_GPS\Adroit_GPS\ArduinoCore\Debug\libArduinoCore.a(HardwareSerial.o)
                0x0080019d                _ZTV14HardwareSerial
 .rodata.str1.1
                0x008001ad       0x11 C:\Users\wynands\Documents\Arduino\Adroit_GPS\Adroit_GPS\Adroit_GPS\ArduinoCore\Debug\libArduinoCore.a(Print.o)
 .rodata.str1.1
                0x008001be        0x1 C:\Users\wynands\Documents\Arduino\Adroit_GPS\Adroit_GPS\Adroit_GPS\ArduinoCore\Debug\libArduinoCore.a(WString.o)
 *(.gnu.linkonce.d*)
                0x008001c0                . = ALIGN (0x2)
                0x008001c0                _edata = .
                0x008001c0                PROVIDE (__data_end, .)

.bss            0x008001be      0x1ae
                0x008001be                PROVIDE (__bss_start, .)
 *(.bss)
 *(.bss*)
 .bss.stringComplete
                0x008001be        0x1 Adroit_GPS.o
                0x008001be                stringComplete
 .bss.inputString
                0x008001bf        0x6 Adroit_GPS.o
                0x008001bf                inputString
 .bss.RS485_Serial
                0x008001c5       0x1f Adroit_GPS.o
                0x008001c5                RS485_Serial
 .bss.holdingRegs
                0x008001e4       0x24 Adroit_GPS.o
                0x008001e4                holdingRegs
 .bss.debounce  0x00800208        0x1 Adroit_GPS.o
                0x00800208                debounce
 .bss.gpsFix    0x00800209        0x1 Adroit_GPS.o
                0x00800209                gpsFix
 .bss.timerCurrent_keyPress
                0x0080020a        0x4 Adroit_GPS.o
                0x0080020a                timerCurrent_keyPress
 .bss.timerStart_keyPress
                0x0080020e        0x4 Adroit_GPS.o
                0x0080020e                timerStart_keyPress
 .bss.keycodeEntered
                0x00800212        0x1 Adroit_GPS.o
                0x00800212                keycodeEntered
 .bss.keyHasBeenPressed
                0x00800213        0x1 Adroit_GPS.o
                0x00800213                keyHasBeenPressed
 .bss.interruptReactivated
                0x00800214        0x1 Adroit_GPS.o
                0x00800214                interruptReactivated
 .bss.previousKeycode
                0x00800215        0x4 Adroit_GPS.o
                0x00800215                previousKeycode
 .bss.keycodeIndex
                0x00800219        0x2 Adroit_GPS.o
                0x00800219                keycodeIndex
 .bss.keyBuffer
                0x0080021b        0x5 Adroit_GPS.o
                0x0080021b                keyBuffer
 .bss.fAlt      0x00800220        0x4 Adroit_GPS.o
                0x00800220                fAlt
 .bss.fLon      0x00800224        0x4 Adroit_GPS.o
                0x00800224                fLon
 .bss.fLat      0x00800228        0x4 Adroit_GPS.o
                0x00800228                fLat
 .bss._ZN14SoftwareSerial20_receive_buffer_headE
                0x0080022c        0x1 src/libraries/SoftwareSerial/src/SoftwareSerial.o
                0x0080022c                _ZN14SoftwareSerial20_receive_buffer_headE
 .bss._ZN14SoftwareSerial20_receive_buffer_tailE
                0x0080022d        0x1 src/libraries/SoftwareSerial/src/SoftwareSerial.o
                0x0080022d                _ZN14SoftwareSerial20_receive_buffer_tailE
 .bss._ZN14SoftwareSerial15_receive_bufferE
                0x0080022e       0x40 src/libraries/SoftwareSerial/src/SoftwareSerial.o
                0x0080022e                _ZN14SoftwareSerial15_receive_bufferE
 .bss._ZN14SoftwareSerial13active_objectE
                0x0080026e        0x2 src/libraries/SoftwareSerial/src/SoftwareSerial.o
                0x0080026e                _ZN14SoftwareSerial13active_objectE
 .bss.ModbusPort
                0x00800270        0x2 src/SimpleModbusSlave.o
                0x00800270                ModbusPort
 .bss.T3_5      0x00800272        0x2 src/SimpleModbusSlave.o
                0x00800272                T3_5
 .bss.T1_5      0x00800274        0x2 src/SimpleModbusSlave.o
                0x00800274                T1_5
 .bss.errorCount
                0x00800276        0x2 src/SimpleModbusSlave.o
                0x00800276                errorCount
 .bss.TxEnablePin
                0x00800278        0x1 src/SimpleModbusSlave.o
                0x00800278                TxEnablePin
 .bss.function  0x00800279        0x1 src/SimpleModbusSlave.o
                0x00800279                function
 .bss.slaveID   0x0080027a        0x1 src/SimpleModbusSlave.o
                0x0080027a                slaveID
 .bss.broadcastFlag
                0x0080027b        0x1 src/SimpleModbusSlave.o
                0x0080027b                broadcastFlag
 .bss.regs      0x0080027c        0x2 src/SimpleModbusSlave.o
                0x0080027c                regs
 .bss.holdingRegsSize
                0x0080027e        0x2 src/SimpleModbusSlave.o
                0x0080027e                holdingRegsSize
 .bss.frame     0x00800280       0x40 src/SimpleModbusSlave.o
                0x00800280                frame
 .bss.Serial    0x008002c0       0x9d C:\Users\wynands\Documents\Arduino\Adroit_GPS\Adroit_GPS\Adroit_GPS\ArduinoCore\Debug\libArduinoCore.a(HardwareSerial0.o)
                0x008002c0                Serial
 .bss.timer0_fract
                0x0080035d        0x1 C:\Users\wynands\Documents\Arduino\Adroit_GPS\Adroit_GPS\Adroit_GPS\ArduinoCore\Debug\libArduinoCore.a(wiring.o)
 .bss.timer0_millis
                0x0080035e        0x4 C:\Users\wynands\Documents\Arduino\Adroit_GPS\Adroit_GPS\Adroit_GPS\ArduinoCore\Debug\libArduinoCore.a(wiring.o)
                0x0080035e                timer0_millis
 .bss.timer0_overflow_count
                0x00800362        0x4 C:\Users\wynands\Documents\Arduino\Adroit_GPS\Adroit_GPS\Adroit_GPS\ArduinoCore\Debug\libArduinoCore.a(wiring.o)
                0x00800362                timer0_overflow_count
 *(COMMON)
 COMMON         0x00800366        0x4 c:/program files (x86)/atmel/studio/7.0/toolchain/avr8/avr8-gnu-toolchain/bin/../lib/gcc/avr/4.9.2/../../../../avr/lib/avr5\libc.a(malloc.o)
                0x00800366                __brkval
                0x00800368                __flp
 COMMON         0x0080036a        0x2 c:/program files (x86)/atmel/studio/7.0/toolchain/avr8/avr8-gnu-toolchain/bin/../lib/gcc/avr/4.9.2/../../../../avr/lib/avr5\libc.a(errno.o)
                0x0080036a                errno
                0x0080036c                PROVIDE (__bss_end, .)
                0x00004346                __data_load_start = LOADADDR (.data)
                0x00004404                __data_load_end = (__data_load_start + SIZEOF (.data))

.noinit         0x0080036c        0x0
                [!provide]                PROVIDE (__noinit_start, .)
 *(.noinit*)
                [!provide]                PROVIDE (__noinit_end, .)
                0x0080036c                _end = .
                0x0080036c                PROVIDE (__heap_start, .)

.eeprom         0x00810000        0x0
 *(.eeprom*)
                0x00810000                __eeprom_end = .

.fuse
 *(.fuse)
 *(.lfuse)
 *(.hfuse)
 *(.efuse)

.lock
 *(.lock*)

.signature
 *(.signature*)

.user_signatures
 *(.user_signatures*)

.stab
 *(.stab)

.stabstr
 *(.stabstr)

.stab.excl
 *(.stab.excl)

.stab.exclstr
 *(.stab.exclstr)

.stab.index
 *(.stab.index)

.stab.indexstr
 *(.stab.indexstr)

.comment        0x00000000       0x5c
 *(.comment)
 .comment       0x00000000       0x30 Adroit_GPS.o
                                 0x31 (size before relaxing)
 .comment       0x00000030       0x31 src/Functions.o
 .comment       0x00000030       0x31 src/libraries/SoftwareSerial/src/SoftwareSerial.o
 .comment       0x00000030       0x31 src/SimpleModbusSlave.o
 .comment       0x00000030       0x31 C:\Users\wynands\Documents\Arduino\Adroit_GPS\Adroit_GPS\Adroit_GPS\ArduinoCore\Debug\libArduinoCore.a(HardwareSerial.o)
 .comment       0x00000030       0x31 C:\Users\wynands\Documents\Arduino\Adroit_GPS\Adroit_GPS\Adroit_GPS\ArduinoCore\Debug\libArduinoCore.a(HardwareSerial0.o)
 .comment       0x00000030       0x31 C:\Users\wynands\Documents\Arduino\Adroit_GPS\Adroit_GPS\Adroit_GPS\ArduinoCore\Debug\libArduinoCore.a(main.o)
 .comment       0x00000030       0x31 C:\Users\wynands\Documents\Arduino\Adroit_GPS\Adroit_GPS\Adroit_GPS\ArduinoCore\Debug\libArduinoCore.a(Print.o)
 .comment       0x00000030       0x31 C:\Users\wynands\Documents\Arduino\Adroit_GPS\Adroit_GPS\Adroit_GPS\ArduinoCore\Debug\libArduinoCore.a(WInterrupts.o)
 .comment       0x00000030       0x31 C:\Users\wynands\Documents\Arduino\Adroit_GPS\Adroit_GPS\Adroit_GPS\ArduinoCore\Debug\libArduinoCore.a(wiring.o)
 .comment       0x00000030       0x31 C:\Users\wynands\Documents\Arduino\Adroit_GPS\Adroit_GPS\Adroit_GPS\ArduinoCore\Debug\libArduinoCore.a(wiring_digital.o)
 .comment       0x00000030       0x31 C:\Users\wynands\Documents\Arduino\Adroit_GPS\Adroit_GPS\Adroit_GPS\ArduinoCore\Debug\libArduinoCore.a(WString.o)
 .comment       0x00000030       0x31 C:\Users\wynands\Documents\Arduino\Adroit_GPS\Adroit_GPS\Adroit_GPS\ArduinoCore\Debug\libArduinoCore.a(hooks.o)
 .comment       0x00000030       0x31 c:/program files (x86)/atmel/studio/7.0/toolchain/avr8/avr8-gnu-toolchain/bin/../lib/gcc/avr/4.9.2/../../../../avr/lib/avr5\libc.a(dtostrf.o)
 .comment       0x00000030       0x31 c:/program files (x86)/atmel/studio/7.0/toolchain/avr8/avr8-gnu-toolchain/bin/../lib/gcc/avr/4.9.2/../../../../avr/lib/avr5\libc.a(malloc.o)
 .comment       0x00000030       0x31 c:/program files (x86)/atmel/studio/7.0/toolchain/avr8/avr8-gnu-toolchain/bin/../lib/gcc/avr/4.9.2/../../../../avr/lib/avr5\libc.a(realloc.o)
 .comment       0x00000030       0x31 c:/program files (x86)/atmel/studio/7.0/toolchain/avr8/avr8-gnu-toolchain/bin/../lib/gcc/avr/4.9.2/../../../../avr/lib/avr5\libc.a(dtoa_prf.o)
 .comment       0x00000030       0x31 c:/program files (x86)/atmel/studio/7.0/toolchain/avr8/avr8-gnu-toolchain/bin/../lib/gcc/avr/4.9.2/../../../../avr/lib/avr5\libc.a(strtod.o)
 .comment       0x00000030       0x2c c:/program files (x86)/atmel/studio/7.0/toolchain/avr8/avr8-gnu-toolchain/bin/../lib/gcc/avr/4.9.2/../../../../avr/lib/avr5\libc.a(errno.o)
                                 0x2d (size before relaxing)

.note.gnu.avr.deviceinfo
                0x00000000       0x40
 .note.gnu.avr.deviceinfo
                0x00000000       0x40 C:/Program Files (x86)/Atmel/Studio/7.0/Packs/atmel/ATmega_DFP/1.1.130/gcc/dev/atmega328p/avr5/crtatmega328p.o

.note.gnu.build-id
 *(.note.gnu.build-id)

.debug
 *(.debug)

.line
 *(.line)

.debug_srcinfo
 *(.debug_srcinfo)

.debug_sfnames
 *(.debug_sfnames)

.debug_aranges  0x00000000      0x6d8
 *(.debug_aranges)
 .debug_aranges
                0x00000000       0x70 Adroit_GPS.o
 .debug_aranges
                0x00000070       0x28 src/Functions.o
 .debug_aranges
                0x00000098       0x98 src/libraries/SoftwareSerial/src/SoftwareSerial.o
 .debug_aranges
                0x00000130       0x48 src/SimpleModbusSlave.o
 .debug_aranges
                0x00000178       0x68 C:\Users\wynands\Documents\Arduino\Adroit_GPS\Adroit_GPS\Adroit_GPS\ArduinoCore\Debug\libArduinoCore.a(HardwareSerial.o)
 .debug_aranges
                0x000001e0       0x38 C:\Users\wynands\Documents\Arduino\Adroit_GPS\Adroit_GPS\Adroit_GPS\ArduinoCore\Debug\libArduinoCore.a(HardwareSerial0.o)
 .debug_aranges
                0x00000218       0x38 C:\Users\wynands\Documents\Arduino\Adroit_GPS\Adroit_GPS\Adroit_GPS\ArduinoCore\Debug\libArduinoCore.a(main.o)
 .debug_aranges
                0x00000250       0xf0 C:\Users\wynands\Documents\Arduino\Adroit_GPS\Adroit_GPS\Adroit_GPS\ArduinoCore\Debug\libArduinoCore.a(Print.o)
 .debug_aranges
                0x00000340       0x40 C:\Users\wynands\Documents\Arduino\Adroit_GPS\Adroit_GPS\Adroit_GPS\ArduinoCore\Debug\libArduinoCore.a(WInterrupts.o)
 .debug_aranges
                0x00000380       0x48 C:\Users\wynands\Documents\Arduino\Adroit_GPS\Adroit_GPS\Adroit_GPS\ArduinoCore\Debug\libArduinoCore.a(wiring.o)
 .debug_aranges
                0x000003c8       0x38 C:\Users\wynands\Documents\Arduino\Adroit_GPS\Adroit_GPS\Adroit_GPS\ArduinoCore\Debug\libArduinoCore.a(wiring_digital.o)
 .debug_aranges
                0x00000400      0x2b8 C:\Users\wynands\Documents\Arduino\Adroit_GPS\Adroit_GPS\Adroit_GPS\ArduinoCore\Debug\libArduinoCore.a(WString.o)
 .debug_aranges
                0x000006b8       0x20 C:\Users\wynands\Documents\Arduino\Adroit_GPS\Adroit_GPS\Adroit_GPS\ArduinoCore\Debug\libArduinoCore.a(hooks.o)

.debug_pubnames
 *(.debug_pubnames)

.debug_info     0x00000000    0x137c4
 *(.debug_info .gnu.linkonce.wi.*)
 .debug_info    0x00000000      0x5f4 C:/Program Files (x86)/Atmel/Studio/7.0/Packs/atmel/ATmega_DFP/1.1.130/gcc/dev/atmega328p/avr5/crtatmega328p.o
 .debug_info    0x000005f4     0x3a21 Adroit_GPS.o
 .debug_info    0x00004015     0x12ea src/Functions.o
 .debug_info    0x000052ff     0x2827 src/libraries/SoftwareSerial/src/SoftwareSerial.o
 .debug_info    0x00007b26      0x799 src/SimpleModbusSlave.o
 .debug_info    0x000082bf     0x1e51 C:\Users\wynands\Documents\Arduino\Adroit_GPS\Adroit_GPS\Adroit_GPS\ArduinoCore\Debug\libArduinoCore.a(HardwareSerial.o)
 .debug_info    0x0000a110     0x1a4a C:\Users\wynands\Documents\Arduino\Adroit_GPS\Adroit_GPS\Adroit_GPS\ArduinoCore\Debug\libArduinoCore.a(HardwareSerial0.o)
 .debug_info    0x0000bb5a      0x231 C:\Users\wynands\Documents\Arduino\Adroit_GPS\Adroit_GPS\Adroit_GPS\ArduinoCore\Debug\libArduinoCore.a(main.o)
 .debug_info    0x0000bd8b     0x2a01 C:\Users\wynands\Documents\Arduino\Adroit_GPS\Adroit_GPS\Adroit_GPS\ArduinoCore\Debug\libArduinoCore.a(Print.o)
 .debug_info    0x0000e78c      0x217 C:\Users\wynands\Documents\Arduino\Adroit_GPS\Adroit_GPS\Adroit_GPS\ArduinoCore\Debug\libArduinoCore.a(WInterrupts.o)
 .debug_info    0x0000e9a3      0x2c8 C:\Users\wynands\Documents\Arduino\Adroit_GPS\Adroit_GPS\Adroit_GPS\ArduinoCore\Debug\libArduinoCore.a(wiring.o)
 .debug_info    0x0000ec6b      0x5f9 C:\Users\wynands\Documents\Arduino\Adroit_GPS\Adroit_GPS\Adroit_GPS\ArduinoCore\Debug\libArduinoCore.a(wiring_digital.o)
 .debug_info    0x0000f264     0x4522 C:\Users\wynands\Documents\Arduino\Adroit_GPS\Adroit_GPS\Adroit_GPS\ArduinoCore\Debug\libArduinoCore.a(WString.o)
 .debug_info    0x00013786       0x3e C:\Users\wynands\Documents\Arduino\Adroit_GPS\Adroit_GPS\Adroit_GPS\ArduinoCore\Debug\libArduinoCore.a(hooks.o)

.debug_abbrev   0x00000000     0x2d35
 *(.debug_abbrev)
 .debug_abbrev  0x00000000      0x5a2 C:/Program Files (x86)/Atmel/Studio/7.0/Packs/atmel/ATmega_DFP/1.1.130/gcc/dev/atmega328p/avr5/crtatmega328p.o
 .debug_abbrev  0x000005a2      0x57f Adroit_GPS.o
 .debug_abbrev  0x00000b21      0x2b0 src/Functions.o
 .debug_abbrev  0x00000dd1      0x63c src/libraries/SoftwareSerial/src/SoftwareSerial.o
 .debug_abbrev  0x0000140d      0x2ba src/SimpleModbusSlave.o
 .debug_abbrev  0x000016c7      0x478 C:\Users\wynands\Documents\Arduino\Adroit_GPS\Adroit_GPS\Adroit_GPS\ArduinoCore\Debug\libArduinoCore.a(HardwareSerial.o)
 .debug_abbrev  0x00001b3f      0x3b1 C:\Users\wynands\Documents\Arduino\Adroit_GPS\Adroit_GPS\Adroit_GPS\ArduinoCore\Debug\libArduinoCore.a(HardwareSerial0.o)
 .debug_abbrev  0x00001ef0      0x109 C:\Users\wynands\Documents\Arduino\Adroit_GPS\Adroit_GPS\Adroit_GPS\ArduinoCore\Debug\libArduinoCore.a(main.o)
 .debug_abbrev  0x00001ff9      0x487 C:\Users\wynands\Documents\Arduino\Adroit_GPS\Adroit_GPS\Adroit_GPS\ArduinoCore\Debug\libArduinoCore.a(Print.o)
 .debug_abbrev  0x00002480       0xfc C:\Users\wynands\Documents\Arduino\Adroit_GPS\Adroit_GPS\Adroit_GPS\ArduinoCore\Debug\libArduinoCore.a(WInterrupts.o)
 .debug_abbrev  0x0000257c      0x145 C:\Users\wynands\Documents\Arduino\Adroit_GPS\Adroit_GPS\Adroit_GPS\ArduinoCore\Debug\libArduinoCore.a(wiring.o)
 .debug_abbrev  0x000026c1      0x15b C:\Users\wynands\Documents\Arduino\Adroit_GPS\Adroit_GPS\Adroit_GPS\ArduinoCore\Debug\libArduinoCore.a(wiring_digital.o)
 .debug_abbrev  0x0000281c      0x4ef C:\Users\wynands\Documents\Arduino\Adroit_GPS\Adroit_GPS\Adroit_GPS\ArduinoCore\Debug\libArduinoCore.a(WString.o)
 .debug_abbrev  0x00002d0b       0x2a C:\Users\wynands\Documents\Arduino\Adroit_GPS\Adroit_GPS\Adroit_GPS\ArduinoCore\Debug\libArduinoCore.a(hooks.o)

.debug_line     0x00000000     0x41f3
 *(.debug_line .debug_line.* .debug_line_end)
 .debug_line    0x00000000      0x133 C:/Program Files (x86)/Atmel/Studio/7.0/Packs/atmel/ATmega_DFP/1.1.130/gcc/dev/atmega328p/avr5/crtatmega328p.o
 .debug_line    0x00000133      0x9c1 Adroit_GPS.o
 .debug_line    0x00000af4      0x1cc src/Functions.o
 .debug_line    0x00000cc0      0x7ac src/libraries/SoftwareSerial/src/SoftwareSerial.o
 .debug_line    0x0000146c      0x531 src/SimpleModbusSlave.o
 .debug_line    0x0000199d      0x426 C:\Users\wynands\Documents\Arduino\Adroit_GPS\Adroit_GPS\Adroit_GPS\ArduinoCore\Debug\libArduinoCore.a(HardwareSerial.o)
 .debug_line    0x00001dc3      0x257 C:\Users\wynands\Documents\Arduino\Adroit_GPS\Adroit_GPS\Adroit_GPS\ArduinoCore\Debug\libArduinoCore.a(HardwareSerial0.o)
 .debug_line    0x0000201a      0x175 C:\Users\wynands\Documents\Arduino\Adroit_GPS\Adroit_GPS\Adroit_GPS\ArduinoCore\Debug\libArduinoCore.a(main.o)
 .debug_line    0x0000218f      0x644 C:\Users\wynands\Documents\Arduino\Adroit_GPS\Adroit_GPS\Adroit_GPS\ArduinoCore\Debug\libArduinoCore.a(Print.o)
 .debug_line    0x000027d3      0x1a0 C:\Users\wynands\Documents\Arduino\Adroit_GPS\Adroit_GPS\Adroit_GPS\ArduinoCore\Debug\libArduinoCore.a(WInterrupts.o)
 .debug_line    0x00002973      0x299 C:\Users\wynands\Documents\Arduino\Adroit_GPS\Adroit_GPS\Adroit_GPS\ArduinoCore\Debug\libArduinoCore.a(wiring.o)
 .debug_line    0x00002c0c      0x252 C:\Users\wynands\Documents\Arduino\Adroit_GPS\Adroit_GPS\Adroit_GPS\ArduinoCore\Debug\libArduinoCore.a(wiring_digital.o)
 .debug_line    0x00002e5e     0x1354 C:\Users\wynands\Documents\Arduino\Adroit_GPS\Adroit_GPS\Adroit_GPS\ArduinoCore\Debug\libArduinoCore.a(WString.o)
 .debug_line    0x000041b2       0x41 C:\Users\wynands\Documents\Arduino\Adroit_GPS\Adroit_GPS\Adroit_GPS\ArduinoCore\Debug\libArduinoCore.a(hooks.o)

.debug_frame    0x00000000     0x1790
 *(.debug_frame)
 .debug_frame   0x00000000      0x1b8 Adroit_GPS.o
 .debug_frame   0x000001b8       0xa8 src/Functions.o
 .debug_frame   0x00000260      0x1b4 src/libraries/SoftwareSerial/src/SoftwareSerial.o
 .debug_frame   0x00000414       0xfc src/SimpleModbusSlave.o
 .debug_frame   0x00000510      0x110 C:\Users\wynands\Documents\Arduino\Adroit_GPS\Adroit_GPS\Adroit_GPS\ArduinoCore\Debug\libArduinoCore.a(HardwareSerial.o)
 .debug_frame   0x00000620       0xc0 C:\Users\wynands\Documents\Arduino\Adroit_GPS\Adroit_GPS\Adroit_GPS\ArduinoCore\Debug\libArduinoCore.a(HardwareSerial0.o)
 .debug_frame   0x000006e0       0x54 C:\Users\wynands\Documents\Arduino\Adroit_GPS\Adroit_GPS\Adroit_GPS\ArduinoCore\Debug\libArduinoCore.a(main.o)
 .debug_frame   0x00000734      0x39c C:\Users\wynands\Documents\Arduino\Adroit_GPS\Adroit_GPS\Adroit_GPS\ArduinoCore\Debug\libArduinoCore.a(Print.o)
 .debug_frame   0x00000ad0       0xf4 C:\Users\wynands\Documents\Arduino\Adroit_GPS\Adroit_GPS\Adroit_GPS\ArduinoCore\Debug\libArduinoCore.a(WInterrupts.o)
 .debug_frame   0x00000bc4       0xc4 C:\Users\wynands\Documents\Arduino\Adroit_GPS\Adroit_GPS\Adroit_GPS\ArduinoCore\Debug\libArduinoCore.a(wiring.o)
 .debug_frame   0x00000c88       0x7c C:\Users\wynands\Documents\Arduino\Adroit_GPS\Adroit_GPS\Adroit_GPS\ArduinoCore\Debug\libArduinoCore.a(wiring_digital.o)
 .debug_frame   0x00000d04      0xa68 C:\Users\wynands\Documents\Arduino\Adroit_GPS\Adroit_GPS\Adroit_GPS\ArduinoCore\Debug\libArduinoCore.a(WString.o)
 .debug_frame   0x0000176c       0x24 C:\Users\wynands\Documents\Arduino\Adroit_GPS\Adroit_GPS\Adroit_GPS\ArduinoCore\Debug\libArduinoCore.a(hooks.o)

.debug_str      0x00000000     0x2cd2
 *(.debug_str)
 .debug_str     0x00000000      0x208 C:/Program Files (x86)/Atmel/Studio/7.0/Packs/atmel/ATmega_DFP/1.1.130/gcc/dev/atmega328p/avr5/crtatmega328p.o
 .debug_str     0x00000208     0x1277 Adroit_GPS.o
                               0x1363 (size before relaxing)
 .debug_str     0x0000147f       0x42 src/Functions.o
                                0xc2c (size before relaxing)
 .debug_str     0x000014c1      0x9dd src/libraries/SoftwareSerial/src/SoftwareSerial.o
                               0x1645 (size before relaxing)
 .debug_str     0x00001e9e      0x1b2 src/SimpleModbusSlave.o
                                0x528 (size before relaxing)
 .debug_str     0x00002050      0x30c C:\Users\wynands\Documents\Arduino\Adroit_GPS\Adroit_GPS\Adroit_GPS\ArduinoCore\Debug\libArduinoCore.a(HardwareSerial.o)
                               0x1354 (size before relaxing)
 .debug_str     0x0000235c       0x47 C:\Users\wynands\Documents\Arduino\Adroit_GPS\Adroit_GPS\Adroit_GPS\ArduinoCore\Debug\libArduinoCore.a(HardwareSerial0.o)
                               0x1154 (size before relaxing)
 .debug_str     0x000023a3       0x43 C:\Users\wynands\Documents\Arduino\Adroit_GPS\Adroit_GPS\Adroit_GPS\ArduinoCore\Debug\libArduinoCore.a(main.o)
                                0x2bf (size before relaxing)
 .debug_str     0x000023e6      0x328 C:\Users\wynands\Documents\Arduino\Adroit_GPS\Adroit_GPS\Adroit_GPS\ArduinoCore\Debug\libArduinoCore.a(Print.o)
                                0xfb0 (size before relaxing)
 .debug_str     0x0000270e      0x149 C:\Users\wynands\Documents\Arduino\Adroit_GPS\Adroit_GPS\Adroit_GPS\ArduinoCore\Debug\libArduinoCore.a(WInterrupts.o)
                                0x236 (size before relaxing)
 .debug_str     0x00002857       0x65 C:\Users\wynands\Documents\Arduino\Adroit_GPS\Adroit_GPS\Adroit_GPS\ArduinoCore\Debug\libArduinoCore.a(wiring.o)
                                0x249 (size before relaxing)
 .debug_str     0x000028bc       0x58 C:\Users\wynands\Documents\Arduino\Adroit_GPS\Adroit_GPS\Adroit_GPS\ArduinoCore\Debug\libArduinoCore.a(wiring_digital.o)
                                0x2ae (size before relaxing)
 .debug_str     0x00002914      0x3a2 C:\Users\wynands\Documents\Arduino\Adroit_GPS\Adroit_GPS\Adroit_GPS\ArduinoCore\Debug\libArduinoCore.a(WString.o)
                                0xf89 (size before relaxing)
 .debug_str     0x00002cb6       0x1c C:\Users\wynands\Documents\Arduino\Adroit_GPS\Adroit_GPS\Adroit_GPS\ArduinoCore\Debug\libArduinoCore.a(hooks.o)
                                0x13e (size before relaxing)

.debug_loc      0x00000000     0x92d6
 *(.debug_loc)
 .debug_loc     0x00000000      0x922 Adroit_GPS.o
 .debug_loc     0x00000922      0x37b src/Functions.o
 .debug_loc     0x00000c9d      0xd69 src/libraries/SoftwareSerial/src/SoftwareSerial.o
 .debug_loc     0x00001a06      0x805 src/SimpleModbusSlave.o
 .debug_loc     0x0000220b      0x497 C:\Users\wynands\Documents\Arduino\Adroit_GPS\Adroit_GPS\Adroit_GPS\ArduinoCore\Debug\libArduinoCore.a(HardwareSerial.o)
 .debug_loc     0x000026a2      0x161 C:\Users\wynands\Documents\Arduino\Adroit_GPS\Adroit_GPS\Adroit_GPS\ArduinoCore\Debug\libArduinoCore.a(HardwareSerial0.o)
 .debug_loc     0x00002803     0x1f0e C:\Users\wynands\Documents\Arduino\Adroit_GPS\Adroit_GPS\Adroit_GPS\ArduinoCore\Debug\libArduinoCore.a(Print.o)
 .debug_loc     0x00004711      0x235 C:\Users\wynands\Documents\Arduino\Adroit_GPS\Adroit_GPS\Adroit_GPS\ArduinoCore\Debug\libArduinoCore.a(WInterrupts.o)
 .debug_loc     0x00004946      0x269 C:\Users\wynands\Documents\Arduino\Adroit_GPS\Adroit_GPS\Adroit_GPS\ArduinoCore\Debug\libArduinoCore.a(wiring.o)
 .debug_loc     0x00004baf      0x5e3 C:\Users\wynands\Documents\Arduino\Adroit_GPS\Adroit_GPS\Adroit_GPS\ArduinoCore\Debug\libArduinoCore.a(wiring_digital.o)
 .debug_loc     0x00005192     0x4144 C:\Users\wynands\Documents\Arduino\Adroit_GPS\Adroit_GPS\Adroit_GPS\ArduinoCore\Debug\libArduinoCore.a(WString.o)

.debug_macinfo
 *(.debug_macinfo)

.debug_weaknames
 *(.debug_weaknames)

.debug_funcnames
 *(.debug_funcnames)

.debug_typenames
 *(.debug_typenames)

.debug_varnames
 *(.debug_varnames)

.debug_pubtypes
 *(.debug_pubtypes)

.debug_ranges   0x00000000      0x7a8
 *(.debug_ranges)
 .debug_ranges  0x00000000       0x90 Adroit_GPS.o
 .debug_ranges  0x00000090       0x30 src/Functions.o
 .debug_ranges  0x000000c0       0xe8 src/libraries/SoftwareSerial/src/SoftwareSerial.o
 .debug_ranges  0x000001a8       0x50 src/SimpleModbusSlave.o
 .debug_ranges  0x000001f8       0x70 C:\Users\wynands\Documents\Arduino\Adroit_GPS\Adroit_GPS\Adroit_GPS\ArduinoCore\Debug\libArduinoCore.a(HardwareSerial.o)
 .debug_ranges  0x00000268       0x28 C:\Users\wynands\Documents\Arduino\Adroit_GPS\Adroit_GPS\Adroit_GPS\ArduinoCore\Debug\libArduinoCore.a(HardwareSerial0.o)
 .debug_ranges  0x00000290       0x28 C:\Users\wynands\Documents\Arduino\Adroit_GPS\Adroit_GPS\Adroit_GPS\ArduinoCore\Debug\libArduinoCore.a(main.o)
 .debug_ranges  0x000002b8      0x128 C:\Users\wynands\Documents\Arduino\Adroit_GPS\Adroit_GPS\Adroit_GPS\ArduinoCore\Debug\libArduinoCore.a(Print.o)
 .debug_ranges  0x000003e0       0x30 C:\Users\wynands\Documents\Arduino\Adroit_GPS\Adroit_GPS\Adroit_GPS\ArduinoCore\Debug\libArduinoCore.a(WInterrupts.o)
 .debug_ranges  0x00000410       0x38 C:\Users\wynands\Documents\Arduino\Adroit_GPS\Adroit_GPS\Adroit_GPS\ArduinoCore\Debug\libArduinoCore.a(wiring.o)
 .debug_ranges  0x00000448       0x28 C:\Users\wynands\Documents\Arduino\Adroit_GPS\Adroit_GPS\Adroit_GPS\ArduinoCore\Debug\libArduinoCore.a(wiring_digital.o)
 .debug_ranges  0x00000470      0x328 C:\Users\wynands\Documents\Arduino\Adroit_GPS\Adroit_GPS\Adroit_GPS\ArduinoCore\Debug\libArduinoCore.a(WString.o)
 .debug_ranges  0x00000798       0x10 C:\Users\wynands\Documents\Arduino\Adroit_GPS\Adroit_GPS\Adroit_GPS\ArduinoCore\Debug\libArduinoCore.a(hooks.o)

.debug_macro
 *(.debug_macro)
OUTPUT(Adroit_GPS.elf elf32-avr)
LOAD linker stubs
